/home/jake/github_stuff/mLRS/mLRS/Common/common_stats.cpp:47:6:void tStats::Clear()	16	static
/home/jake/github_stuff/mLRS/mLRS/Common/common_stats.cpp:17:6:void tStats::Init(uint8_t, uint16_t, uint16_t)	24	static
/home/jake/github_stuff/mLRS/mLRS/Common/common_stats.cpp:71:6:void tStats::JustConnected()	0	static
/home/jake/github_stuff/mLRS/mLRS/Common/common_stats.cpp:97:6:void tStats::Next()	0	static
/home/jake/github_stuff/mLRS/mLRS/Common/common_stats.cpp:105:6:void tStats::doFrameReceived()	0	static
/home/jake/github_stuff/mLRS/mLRS/Common/common_stats.cpp:114:6:void tStats::doValidCrc1FrameReceived()	0	static
/home/jake/github_stuff/mLRS/mLRS/Common/common_stats.cpp:123:6:void tStats::doValidFrameReceived()	0	static
/home/jake/github_stuff/mLRS/mLRS/Common/common_stats.cpp:131:9:uint8_t tStats::GetTransmitBandwidthUsage()	8	static
/home/jake/github_stuff/mLRS/mLRS/Common/common_stats.cpp:142:9:uint8_t tStats::GetReceiveBandwidthUsage()	8	static
/home/jake/github_stuff/mLRS/mLRS/Common/common_stats.cpp:153:8:int8_t tStats::GetLastRssi()	0	static
/home/jake/github_stuff/mLRS/mLRS/Common/common_stats.cpp:159:8:int8_t tStats::GetLastSnr()	0	static
/home/jake/github_stuff/mLRS/mLRS/Common/common_stats.cpp:166:9:uint8_t tStats::GetLQ_rc()	8	static
/home/jake/github_stuff/mLRS/mLRS/Common/common_stats.cpp:177:9:uint8_t tStats::GetLQ_serial()	8	static
/home/jake/github_stuff/mLRS/mLRS/Common/common_stats.cpp:201:6:void tStats::doMavlinkCnt(bool)	0	static
/home/jake/github_stuff/mLRS/mLRS/Common/common_stats.cpp:207:9:uint8_t tStats::GetMavlinkLQ()	0	static
/home/jake/github_stuff/mLRS/mLRS/Common/common_stats.cpp:213:6:void tStats::cntFrameTransmitted()	0	static
/home/jake/github_stuff/mLRS/mLRS/Common/common_stats.cpp:219:6:void tStats::cntFrameSkipped()	0	static
/home/jake/github_stuff/mLRS/mLRS/Common/common_stats.cpp:225:9:int32_t tStats::GetFrameCnt()	8	static
/home/jake/github_stuff/mLRS/mLRS/Common/common_stats.cpp:77:6:void tStats::Update1Hz()	8	static
