/home/jake/github_stuff/mLRS/mLRS/tx-PSA-2400-l432kb/Drivers/STM32L4xx_HAL_Driver/Src/stm32l4xx_ll_rtc.c:237:6:LL_RTC_StructInit	0	static
/home/jake/github_stuff/mLRS/mLRS/tx-PSA-2400-l432kb/Drivers/STM32L4xx_HAL_Driver/Src/stm32l4xx_ll_rtc.c:339:6:LL_RTC_TIME_StructInit	0	static
/home/jake/github_stuff/mLRS/mLRS/tx-PSA-2400-l432kb/Drivers/STM32L4xx_HAL_Driver/Src/stm32l4xx_ll_rtc.c:428:6:LL_RTC_DATE_StructInit	0	static
/home/jake/github_stuff/mLRS/mLRS/tx-PSA-2400-l432kb/Drivers/STM32L4xx_HAL_Driver/Src/stm32l4xx_ll_rtc.c:451:13:LL_RTC_ALMA_Init	20	static
/home/jake/github_stuff/mLRS/mLRS/tx-PSA-2400-l432kb/Drivers/STM32L4xx_HAL_Driver/Src/stm32l4xx_ll_rtc.c:569:13:LL_RTC_ALMB_Init	20	static
/home/jake/github_stuff/mLRS/mLRS/tx-PSA-2400-l432kb/Drivers/STM32L4xx_HAL_Driver/Src/stm32l4xx_ll_rtc.c:679:6:LL_RTC_ALMA_StructInit	0	static
/home/jake/github_stuff/mLRS/mLRS/tx-PSA-2400-l432kb/Drivers/STM32L4xx_HAL_Driver/Src/stm32l4xx_ll_rtc.c:701:6:LL_RTC_ALMB_StructInit	0	static
/home/jake/github_stuff/mLRS/mLRS/tx-PSA-2400-l432kb/Drivers/STM32L4xx_HAL_Driver/Src/stm32l4xx_ll_rtc.c:726:13:LL_RTC_EnterInitMode	16	static
/home/jake/github_stuff/mLRS/mLRS/tx-PSA-2400-l432kb/Drivers/STM32L4xx_HAL_Driver/Src/stm32l4xx_ll_rtc.c:137:13:LL_RTC_DeInit	8	static
/home/jake/github_stuff/mLRS/mLRS/tx-PSA-2400-l432kb/Drivers/STM32L4xx_HAL_Driver/Src/stm32l4xx_ll_rtc.c:198:13:LL_RTC_Init	16	static
/home/jake/github_stuff/mLRS/mLRS/tx-PSA-2400-l432kb/Drivers/STM32L4xx_HAL_Driver/Src/stm32l4xx_ll_rtc.c:770:13:LL_RTC_ExitInitMode	0	static
/home/jake/github_stuff/mLRS/mLRS/tx-PSA-2400-l432kb/Drivers/STM32L4xx_HAL_Driver/Src/stm32l4xx_ll_rtc.c:797:13:LL_RTC_WaitForSynchro	16	static
/home/jake/github_stuff/mLRS/mLRS/tx-PSA-2400-l432kb/Drivers/STM32L4xx_HAL_Driver/Src/stm32l4xx_ll_rtc.c:257:13:LL_RTC_TIME_Init	24	static
/home/jake/github_stuff/mLRS/mLRS/tx-PSA-2400-l432kb/Drivers/STM32L4xx_HAL_Driver/Src/stm32l4xx_ll_rtc.c:360:13:LL_RTC_DATE_Init	24	static
