/home/jake/github_stuff/mLRS/mLRS/tx-PSA-2400-l432kb/Drivers/STM32L4xx_HAL_Driver/Src/stm32l4xx_ll_adc.c:309:13:LL_ADC_CommonDeInit	0	static
/home/jake/github_stuff/mLRS/mLRS/tx-PSA-2400-l432kb/Drivers/STM32L4xx_HAL_Driver/Src/stm32l4xx_ll_adc.c:341:13:LL_ADC_CommonInit	0	static
/home/jake/github_stuff/mLRS/mLRS/tx-PSA-2400-l432kb/Drivers/STM32L4xx_HAL_Driver/Src/stm32l4xx_ll_adc.c:423:6:LL_ADC_CommonStructInit	0	static
/home/jake/github_stuff/mLRS/mLRS/tx-PSA-2400-l432kb/Drivers/STM32L4xx_HAL_Driver/Src/stm32l4xx_ll_adc.c:456:13:LL_ADC_DeInit	16	static
/home/jake/github_stuff/mLRS/mLRS/tx-PSA-2400-l432kb/Drivers/STM32L4xx_HAL_Driver/Src/stm32l4xx_ll_adc.c:731:13:LL_ADC_Init	12	static
/home/jake/github_stuff/mLRS/mLRS/tx-PSA-2400-l432kb/Drivers/STM32L4xx_HAL_Driver/Src/stm32l4xx_ll_adc.c:777:6:LL_ADC_StructInit	0	static
/home/jake/github_stuff/mLRS/mLRS/tx-PSA-2400-l432kb/Drivers/STM32L4xx_HAL_Driver/Src/stm32l4xx_ll_adc.c:819:13:LL_ADC_REG_Init	20	static
/home/jake/github_stuff/mLRS/mLRS/tx-PSA-2400-l432kb/Drivers/STM32L4xx_HAL_Driver/Src/stm32l4xx_ll_adc.c:911:6:LL_ADC_REG_StructInit	0	static
/home/jake/github_stuff/mLRS/mLRS/tx-PSA-2400-l432kb/Drivers/STM32L4xx_HAL_Driver/Src/stm32l4xx_ll_adc.c:963:13:LL_ADC_INJ_Init	8	static
/home/jake/github_stuff/mLRS/mLRS/tx-PSA-2400-l432kb/Drivers/STM32L4xx_HAL_Driver/Src/stm32l4xx_ll_adc.c:1034:6:LL_ADC_INJ_StructInit	0	static
