Archive member included to satisfy reference by file (symbol)

/usr/lib/gcc/arm-none-eabi/10.3.1/../../../arm-none-eabi/lib/thumb/v7e-m+fp/hard/libstdc++_nano.a(pure.o)
                              /home/jake/github_stuff/mLRS/tools/build_l432kb/tx-PSA-2400-l432kb/modules/sx12xx-lib/src/lr11xx.o (__cxa_pure_virtual)
/usr/lib/gcc/arm-none-eabi/10.3.1/../../../arm-none-eabi/lib/thumb/v7e-m+fp/hard/libstdc++_nano.a(eh_terminate.o)
                              /usr/lib/gcc/arm-none-eabi/10.3.1/../../../arm-none-eabi/lib/thumb/v7e-m+fp/hard/libstdc++_nano.a(pure.o) (std::terminate())
/usr/lib/gcc/arm-none-eabi/10.3.1/../../../arm-none-eabi/lib/thumb/v7e-m+fp/hard/libstdc++_nano.a(eh_unex_handler.o)
                              /usr/lib/gcc/arm-none-eabi/10.3.1/../../../arm-none-eabi/lib/thumb/v7e-m+fp/hard/libstdc++_nano.a(eh_terminate.o) (__cxxabiv1::__unexpected_handler)
/usr/lib/gcc/arm-none-eabi/10.3.1/../../../arm-none-eabi/lib/thumb/v7e-m+fp/hard/libstdc++_nano.a(eh_term_handler.o)
                              /usr/lib/gcc/arm-none-eabi/10.3.1/../../../arm-none-eabi/lib/thumb/v7e-m+fp/hard/libstdc++_nano.a(eh_terminate.o) (__cxxabiv1::__terminate_handler)
/usr/lib/gcc/arm-none-eabi/10.3.1/../../../arm-none-eabi/lib/thumb/v7e-m+fp/hard/libm.a(lib_a-sf_round.o)
                              /home/jake/github_stuff/mLRS/tools/build_l432kb/tx-PSA-2400-l432kb/Common/thirdparty/thirdparty.o (roundf)
/usr/lib/gcc/arm-none-eabi/10.3.1/../../../arm-none-eabi/lib/thumb/v7e-m+fp/hard/libc_nano.a(lib_a-abort.o)
                              /usr/lib/gcc/arm-none-eabi/10.3.1/../../../arm-none-eabi/lib/thumb/v7e-m+fp/hard/libstdc++_nano.a(eh_terminate.o) (abort)
/usr/lib/gcc/arm-none-eabi/10.3.1/../../../arm-none-eabi/lib/thumb/v7e-m+fp/hard/libc_nano.a(lib_a-atexit.o)
                              /usr/lib/gcc/arm-none-eabi/10.3.1/../../../arm-none-eabi/lib/thumb/v7e-m+fp/hard/crt0.o (atexit)
/usr/lib/gcc/arm-none-eabi/10.3.1/../../../arm-none-eabi/lib/thumb/v7e-m+fp/hard/libc_nano.a(lib_a-atoi.o)
                              /home/jake/github_stuff/mLRS/tools/build_l432kb/tx-PSA-2400-l432kb/Common/common_types.o (atoi)
/usr/lib/gcc/arm-none-eabi/10.3.1/../../../arm-none-eabi/lib/thumb/v7e-m+fp/hard/libc_nano.a(lib_a-errno.o)
                              /home/jake/github_stuff/mLRS/tools/build_l432kb/tx-PSA-2400-l432kb/tx-PSA-2400-l432kb/Core/Src/syscalls.o (__errno)
/usr/lib/gcc/arm-none-eabi/10.3.1/../../../arm-none-eabi/lib/thumb/v7e-m+fp/hard/libc_nano.a(lib_a-exit.o)
                              /usr/lib/gcc/arm-none-eabi/10.3.1/../../../arm-none-eabi/lib/thumb/v7e-m+fp/hard/crt0.o (exit)
/usr/lib/gcc/arm-none-eabi/10.3.1/../../../arm-none-eabi/lib/thumb/v7e-m+fp/hard/libc_nano.a(lib_a-fini.o)
                              /usr/lib/gcc/arm-none-eabi/10.3.1/../../../arm-none-eabi/lib/thumb/v7e-m+fp/hard/crt0.o (__libc_fini_array)
/usr/lib/gcc/arm-none-eabi/10.3.1/../../../arm-none-eabi/lib/thumb/v7e-m+fp/hard/libc_nano.a(lib_a-impure.o)
                              /usr/lib/gcc/arm-none-eabi/10.3.1/../../../arm-none-eabi/lib/thumb/v7e-m+fp/hard/libc_nano.a(lib_a-exit.o) (_global_impure_ptr)
/usr/lib/gcc/arm-none-eabi/10.3.1/../../../arm-none-eabi/lib/thumb/v7e-m+fp/hard/libc_nano.a(lib_a-init.o)
                              /usr/lib/gcc/arm-none-eabi/10.3.1/../../../arm-none-eabi/lib/thumb/v7e-m+fp/hard/crt0.o (__libc_init_array)
/usr/lib/gcc/arm-none-eabi/10.3.1/../../../arm-none-eabi/lib/thumb/v7e-m+fp/hard/libc_nano.a(lib_a-memcpy.o)
                              /home/jake/github_stuff/mLRS/tools/build_l432kb/tx-PSA-2400-l432kb/modules/stm32-dronecan-lib/libcanard/canard.o (memcpy)
/usr/lib/gcc/arm-none-eabi/10.3.1/../../../arm-none-eabi/lib/thumb/v7e-m+fp/hard/libc_nano.a(lib_a-memmove.o)
                              /home/jake/github_stuff/mLRS/tools/build_l432kb/tx-PSA-2400-l432kb/Common/common_types.o (memmove)
/usr/lib/gcc/arm-none-eabi/10.3.1/../../../arm-none-eabi/lib/thumb/v7e-m+fp/hard/libc_nano.a(lib_a-memset.o)
                              /usr/lib/gcc/arm-none-eabi/10.3.1/../../../arm-none-eabi/lib/thumb/v7e-m+fp/hard/crt0.o (memset)
/usr/lib/gcc/arm-none-eabi/10.3.1/../../../arm-none-eabi/lib/thumb/v7e-m+fp/hard/libc_nano.a(lib_a-signal.o)
                              /usr/lib/gcc/arm-none-eabi/10.3.1/../../../arm-none-eabi/lib/thumb/v7e-m+fp/hard/libc_nano.a(lib_a-abort.o) (raise)
/usr/lib/gcc/arm-none-eabi/10.3.1/../../../arm-none-eabi/lib/thumb/v7e-m+fp/hard/libc_nano.a(lib_a-signalr.o)
                              /usr/lib/gcc/arm-none-eabi/10.3.1/../../../arm-none-eabi/lib/thumb/v7e-m+fp/hard/libc_nano.a(lib_a-signal.o) (_kill_r)
/usr/lib/gcc/arm-none-eabi/10.3.1/../../../arm-none-eabi/lib/thumb/v7e-m+fp/hard/libc_nano.a(lib_a-strcat.o)
                              /home/jake/github_stuff/mLRS/tools/build_l432kb/tx-PSA-2400-l432kb/Common/common_types.o (strcat)
/usr/lib/gcc/arm-none-eabi/10.3.1/../../../arm-none-eabi/lib/thumb/v7e-m+fp/hard/libc_nano.a(lib_a-strchr.o)
[...]
Memory Configuration

Name             Origin             Length             Attributes
RAM              0x0000000020000000 0x000000000000c000 xrw
RAM2             0x0000000010000000 0x0000000000004000 xrw
FLASH            0x0000000008000000 0x0000000000020000 xr
*default*        0x0000000000000000 0xffffffffffffffff

Linker script and memory map

LOAD /usr/lib/gcc/arm-none-eabi/10.3.1/thumb/v7e-m+fp/hard/crti.o
LOAD /usr/lib/gcc/arm-none-eabi/10.3.1/thumb/v7e-m+fp/hard/crtbegin.o
LOAD /usr/lib/gcc/arm-none-eabi/10.3.1/../../../arm-none-eabi/lib/thumb/v7e-m+fp/hard/crt0.o
LOAD /home/jake/github_stuff/mLRS/tools/build_l432kb/tx-PSA-2400-l432kb/Common/channel_order.o
LOAD /home/jake/github_stuff/mLRS/tools/build_l432kb/tx-PSA-2400-l432kb/Common/common_stats.o
LOAD /home/jake/github_stuff/mLRS/tools/build_l432kb/tx-PSA-2400-l432kb/Common/common_types.o
LOAD /home/jake/github_stuff/mLRS/tools/build_l432kb/tx-PSA-2400-l432kb/Common/diversity.o
LOAD /home/jake/github_stuff/mLRS/tools/build_l432kb/tx-PSA-2400-l432kb/Common/fhss.o
LOAD /home/jake/github_stuff/mLRS/tools/build_l432kb/tx-PSA-2400-l432kb/Common/libs/filters.o
LOAD /home/jake/github_stuff/mLRS/tools/build_l432kb/tx-PSA-2400-l432kb/Common/link_types.o
LOAD /home/jake/github_stuff/mLRS/tools/build_l432kb/tx-PSA-2400-l432kb/Common/lq_counter.o
LOAD /home/jake/github_stuff/mLRS/tools/build_l432kb/tx-PSA-2400-l432kb/Common/setup_types.o
LOAD /home/jake/github_stuff/mLRS/tools/build_l432kb/tx-PSA-2400-l432kb/Common/tasks.o
LOAD /home/jake/github_stuff/mLRS/tools/build_l432kb/tx-PSA-2400-l432kb/Common/thirdparty/gdisp.o
LOAD /home/jake/github_stuff/mLRS/tools/build_l432kb/tx-PSA-2400-l432kb/Common/thirdparty/thirdparty.o
LOAD /home/jake/github_stuff/mLRS/tools/build_l432kb/tx-PSA-2400-l432kb/Common/while.o
LOAD /home/jake/github_stuff/mLRS/tools/build_l432kb/tx-PSA-2400-l432kb/CommonTx/config_id.o
LOAD /home/jake/github_stuff/mLRS/tools/build_l432kb/tx-PSA-2400-l432kb/CommonTx/in.o
LOAD /home/jake/github_stuff/mLRS/tools/build_l432kb/tx-PSA-2400-l432kb/modules/stm32-dronecan-lib/libcanard/canard.o
LOAD /home/jake/github_stuff/mLRS/tools/build_l432kb/tx-PSA-2400-l432kb/modules/stm32-dronecan-lib/stm32-dronecan-driver-f1.o
LOAD /home/jake/github_stuff/mLRS/tools/build_l432kb/tx-PSA-2400-l432kb/modules/stm32-dronecan-lib/stm32-dronecan-driver-g4.o
LOAD /home/jake/github_stuff/mLRS/tools/build_l432kb/tx-PSA-2400-l432kb/modules/stm32-usb-device/usbd_cdc_if.o
LOAD /home/jake/github_stuff/mLRS/tools/build_l432kb/tx-PSA-2400-l432kb/modules/stm32-usb-device/usbd_conf.o
LOAD /home/jake/github_stuff/mLRS/tools/build_l432kb/tx-PSA-2400-l432kb/modules/stm32-usb-device/usbd_desc.o
LOAD /home/jake/github_stuff/mLRS/tools/build_l432kb/tx-PSA-2400-l432kb/modules/stm32ll-lib/src/stdstm32.o
LOAD /home/jake/github_stuff/mLRS/tools/build_l432kb/tx-PSA-2400-l432kb/modules/sx12xx-lib/src/lr11xx.o
LOAD /home/jake/github_stuff/mLRS/tools/build_l432kb/tx-PSA-2400-l432kb/modules/sx12xx-lib/src/lr20xx.o
LOAD /home/jake/github_stuff/mLRS/tools/build_l432kb/tx-PSA-2400-l432kb/modules/sx12xx-lib/src/sx126x.o
LOAD /home/jake/github_stuff/mLRS/tools/build_l432kb/tx-PSA-2400-l432kb/modules/sx12xx-lib/src/sx127x.o
LOAD /home/jake/github_stuff/mLRS/tools/build_l432kb/tx-PSA-2400-l432kb/modules/sx12xx-lib/src/sx128x.o
LOAD /home/jake/github_stuff/mLRS/tools/build_l432kb/tx-PSA-2400-l432kb/tx-PSA-2400-l432kb/Core/Src/main.o
LOAD /home/jake/github_stuff/mLRS/tools/build_l432kb/tx-PSA-2400-l432kb/tx-PSA-2400-l432kb/Core/Src/stm32l4xx_hal_msp.o
LOAD /home/jake/github_stuff/mLRS/tools/build_l432kb/tx-PSA-2400-l432kb/tx-PSA-2400-l432kb/Core/Src/stm32l4xx_it.o
LOAD /home/jake/github_stuff/mLRS/tools/build_l432kb/tx-PSA-2400-l432kb/tx-PSA-2400-l432kb/Core/Src/syscalls.o
LOAD /home/jake/github_stuff/mLRS/tools/build_l432kb/tx-PSA-2400-l432kb/tx-PSA-2400-l432kb/Core/Src/sysmem.o
LOAD /home/jake/github_stuff/mLRS/tools/build_l432kb/tx-PSA-2400-l432kb/tx-PSA-2400-l432kb/Core/Src/system_stm32l4xx.o
LOAD /home/jake/github_stuff/mLRS/tools/build_l432kb/tx-PSA-2400-l432kb/tx-PSA-2400-l432kb/Core/Startup/startup_stm32l432kbux.o
LOAD /home/jake/github_stuff/mLRS/tools/build_l432kb/tx-PSA-2400-l432kb/tx-PSA-2400-l432kb/Drivers/STM32L4xx_HAL_Driver/Src/stm32l4xx_hal.o
LOAD /home/jake/github_stuff/mLRS/tools/build_l432kb/tx-PSA-2400-l432kb/tx-PSA-2400-l432kb/Drivers/STM32L4xx_HAL_Driver/Src/stm32l4xx_hal_cortex.o
LOAD /home/jake/github_stuff/mLRS/tools/build_l432kb/tx-PSA-2400-l432kb/tx-PSA-2400-l432kb/Drivers/STM32L4xx_HAL_Driver/Src/stm32l4xx_hal_flash.o
LOAD /home/jake/github_stuff/mLRS/tools/build_l432kb/tx-PSA-2400-l432kb/tx-PSA-2400-l432kb/Drivers/STM32L4xx_HAL_Driver/Src/stm32l4xx_hal_flash_ex.o
LOAD /home/jake/github_stuff/mLRS/tools/build_l432kb/tx-PSA-2400-l432kb/tx-PSA-2400-l432kb/Drivers/STM32L4xx_HAL_Driver/Src/stm32l4xx_hal_i2c.o
LOAD /home/jake/github_stuff/mLRS/tools/build_l432kb/tx-PSA-2400-l432kb/tx-PSA-2400-l432kb/Drivers/STM32L4xx_HAL_Driver/Src/stm32l4xx_hal_pwr.o
LOAD /home/jake/github_stuff/mLRS/tools/build_l432kb/tx-PSA-2400-l432kb/tx-PSA-2400-l432kb/Drivers/STM32L4xx_HAL_Driver/Src/stm32l4xx_hal_pwr_ex.o
LOAD /home/jake/github_stuff/mLRS/tools/build_l432kb/tx-PSA-2400-l432kb/tx-PSA-2400-l432kb/Drivers/STM32L4xx_HAL_Driver/Src/stm32l4xx_hal_rcc.o
LOAD /home/jake/github_stuff/mLRS/tools/build_l432kb/tx-PSA-2400-l432kb/tx-PSA-2400-l432kb/Drivers/STM32L4xx_HAL_Driver/Src/stm32l4xx_hal_rcc_ex.o
LOAD /home/jake/github_stuff/mLRS/tools/build_l432kb/tx-PSA-2400-l432kb/tx-PSA-2400-l432kb/Drivers/STM32L4xx_HAL_Driver/Src/stm32l4xx_ll_adc.o
LOAD /home/jake/github_stuff/mLRS/tools/build_l432kb/tx-PSA-2400-l432kb/tx-PSA-2400-l432kb/Drivers/STM32L4xx_HAL_Driver/Src/stm32l4xx_ll_comp.o
LOAD /home/jake/github_stuff/mLRS/tools/build_l432kb/tx-PSA-2400-l432kb/tx-PSA-2400-l432kb/Drivers/STM32L4xx_HAL_Driver/Src/stm32l4xx_ll_crc.o
LOAD /home/jake/github_stuff/mLRS/tools/build_l432kb/tx-PSA-2400-l432kb/tx-PSA-2400-l432kb/Drivers/STM32L4xx_HAL_Driver/Src/stm32l4xx_ll_crs.o
LOAD /home/jake/github_stuff/mLRS/tools/build_l432kb/tx-PSA-2400-l432kb/tx-PSA-2400-l432kb/Drivers/STM32L4xx_HAL_Driver/Src/stm32l4xx_ll_dac.o
LOAD /home/jake/github_stuff/mLRS/tools/build_l432kb/tx-PSA-2400-l432kb/tx-PSA-2400-l432kb/Drivers/STM32L4xx_HAL_Driver/Src/stm32l4xx_ll_dma.o
LOAD /home/jake/github_stuff/mLRS/tools/build_l432kb/tx-PSA-2400-l432kb/tx-PSA-2400-l432kb/Drivers/STM32L4xx_HAL_Driver/Src/stm32l4xx_ll_dma2d.o
LOAD /home/jake/github_stuff/mLRS/tools/build_l432kb/tx-PSA-2400-l432kb/tx-PSA-2400-l432kb/Drivers/STM32L4xx_HAL_Driver/Src/stm32l4xx_ll_exti.o
LOAD /home/jake/github_stuff/mLRS/tools/build_l432kb/tx-PSA-2400-l432kb/tx-PSA-2400-l432kb/Drivers/STM32L4xx_HAL_Driver/Src/stm32l4xx_ll_fmc.o
LOAD /home/jake/github_stuff/mLRS/tools/build_l432kb/tx-PSA-2400-l432kb/tx-PSA-2400-l432kb/Drivers/STM32L4xx_HAL_Driver/Src/stm32l4xx_ll_gpio.o
LOAD /home/jake/github_stuff/mLRS/tools/build_l432kb/tx-PSA-2400-l432kb/tx-PSA-2400-l432kb/Drivers/STM32L4xx_HAL_Driver/Src/stm32l4xx_ll_i2c.o
LOAD /home/jake/github_stuff/mLRS/tools/build_l432kb/tx-PSA-2400-l432kb/tx-PSA-2400-l432kb/Drivers/STM32L4xx_HAL_Driver/Src/stm32l4xx_ll_lptim.o
LOAD /home/jake/github_stuff/mLRS/tools/build_l432kb/tx-PSA-2400-l432kb/tx-PSA-2400-l432kb/Drivers/STM32L4xx_HAL_Driver/Src/stm32l4xx_ll_lpuart.o
LOAD /home/jake/github_stuff/mLRS/tools/build_l432kb/tx-PSA-2400-l432kb/tx-PSA-2400-l432kb/Drivers/STM32L4xx_HAL_Driver/Src/stm32l4xx_ll_opamp.o
LOAD /home/jake/github_stuff/mLRS/tools/build_l432kb/tx-PSA-2400-l432kb/tx-PSA-2400-l432kb/Drivers/STM32L4xx_HAL_Driver/Src/stm32l4xx_ll_pka.o
LOAD /home/jake/github_stuff/mLRS/tools/build_l432kb/tx-PSA-2400-l432kb/tx-PSA-2400-l432kb/Drivers/STM32L4xx_HAL_Driver/Src/stm32l4xx_ll_pwr.o
LOAD /home/jake/github_stuff/mLRS/tools/build_l432kb/tx-PSA-2400-l432kb/tx-PSA-2400-l432kb/Drivers/STM32L4xx_HAL_Driver/Src/stm32l4xx_ll_rcc.o
LOAD /home/jake/github_stuff/mLRS/tools/build_l432kb/tx-PSA-2400-l432kb/tx-PSA-2400-l432kb/Drivers/STM32L4xx_HAL_Driver/Src/stm32l4xx_ll_rng.o
LOAD /home/jake/github_stuff/mLRS/tools/build_l432kb/tx-PSA-2400-l432kb/tx-PSA-2400-l432kb/Drivers/STM32L4xx_HAL_Driver/Src/stm32l4xx_ll_rtc.o
LOAD /home/jake/github_stuff/mLRS/tools/build_l432kb/tx-PSA-2400-l432kb/tx-PSA-2400-l432kb/Drivers/STM32L4xx_HAL_Driver/Src/stm32l4xx_ll_sdmmc.o
LOAD /home/jake/github_stuff/mLRS/tools/build_l432kb/tx-PSA-2400-l432kb/tx-PSA-2400-l432kb/Drivers/STM32L4xx_HAL_Driver/Src/stm32l4xx_ll_spi.o
LOAD /home/jake/github_stuff/mLRS/tools/build_l432kb/tx-PSA-2400-l432kb/tx-PSA-2400-l432kb/Drivers/STM32L4xx_HAL_Driver/Src/stm32l4xx_ll_swpmi.o
LOAD /home/jake/github_stuff/mLRS/tools/build_l432kb/tx-PSA-2400-l432kb/tx-PSA-2400-l432kb/Drivers/STM32L4xx_HAL_Driver/Src/stm32l4xx_ll_tim.o
LOAD /home/jake/github_stuff/mLRS/tools/build_l432kb/tx-PSA-2400-l432kb/tx-PSA-2400-l432kb/Drivers/STM32L4xx_HAL_Driver/Src/stm32l4xx_ll_usart.o
LOAD /home/jake/github_stuff/mLRS/tools/build_l432kb/tx-PSA-2400-l432kb/tx-PSA-2400-l432kb/Drivers/STM32L4xx_HAL_Driver/Src/stm32l4xx_ll_usb.o
LOAD /home/jake/github_stuff/mLRS/tools/build_l432kb/tx-PSA-2400-l432kb/tx-PSA-2400-l432kb/Drivers/STM32L4xx_HAL_Driver/Src/stm32l4xx_ll_utils.o
START GROUP
LOAD /usr/lib/gcc/arm-none-eabi/10.3.1/../../../arm-none-eabi/lib/thumb/v7e-m+fp/hard/libstdc++_nano.a
LOAD /usr/lib/gcc/arm-none-eabi/10.3.1/../../../arm-none-eabi/lib/thumb/v7e-m+fp/hard/libsupc++_nano.a
END GROUP
LOAD /usr/lib/gcc/arm-none-eabi/10.3.1/../../../arm-none-eabi/lib/thumb/v7e-m+fp/hard/libstdc++_nano.a
LOAD /usr/lib/gcc/arm-none-eabi/10.3.1/../../../arm-none-eabi/lib/thumb/v7e-m+fp/hard/libm.a
LOAD /usr/lib/gcc/arm-none-eabi/10.3.1/../../../arm-none-eabi/lib/thumb/v7e-m+fp/hard/libc_nano.a
START GROUP
LOAD /usr/lib/gcc/arm-none-eabi/10.3.1/thumb/v7e-m+fp/hard/libgcc.a
LOAD /usr/lib/gcc/arm-none-eabi/10.3.1/../../../arm-none-eabi/lib/thumb/v7e-m+fp/hard/libc_nano.a
END GROUP
START GROUP
LOAD /usr/lib/gcc/arm-none-eabi/10.3.1/thumb/v7e-m+fp/hard/libgcc.a
LOAD /usr/lib/gcc/arm-none-eabi/10.3.1/../../../arm-none-eabi/lib/thumb/v7e-m+fp/hard/libc_nano.a
LOAD /usr/lib/gcc/arm-none-eabi/10.3.1/../../../arm-none-eabi/lib/thumb/v7e-m+fp/hard/libnosys.a
END GROUP
START GROUP
LOAD /usr/lib/gcc/arm-none-eabi/10.3.1/thumb/v7e-m+fp/hard/libgcc.a
LOAD /usr/lib/gcc/arm-none-eabi/10.3.1/../../../arm-none-eabi/lib/thumb/v7e-m+fp/hard/libc_nano.a
LOAD /usr/lib/gcc/arm-none-eabi/10.3.1/../../../arm-none-eabi/lib/thumb/v7e-m+fp/hard/libnosys.a
END GROUP
LOAD /usr/lib/gcc/arm-none-eabi/10.3.1/thumb/v7e-m+fp/hard/crtend.o
LOAD /usr/lib/gcc/arm-none-eabi/10.3.1/thumb/v7e-m+fp/hard/crtn.o
                0x000000002000c000                _estack = (ORIGIN (RAM) + LENGTH (RAM))
                0x0000000000000000                _Min_Heap_Size = 0x0
                0x0000000000000400                _Min_Stack_Size = 0x400

.isr_vector     0x0000000008000000      0x18c
                0x0000000008000000                . = ALIGN (0x4)
 *(.isr_vector)
 .isr_vector    0x0000000008000000      0x18c /home/jake/github_stuff/mLRS/tools/build_l432kb/tx-PSA-2400-l432kb/tx-PSA-2400-l432kb/Core/Startup/startup_stm32l432kbux.o
                0x0000000008000000                g_pfnVectors
                0x000000000800018c                . = ALIGN (0x4)

.text           0x000000000800018c      0xc54
                0x000000000800018c                . = ALIGN (0x4)
 *(.text)
 .text          0x000000000800018c       0x88 /usr/lib/gcc/arm-none-eabi/10.3.1/thumb/v7e-m+fp/hard/crtbegin.o
 .text          0x0000000008000214       0x48 /usr/lib/gcc/arm-none-eabi/10.3.1/../../../arm-none-eabi/lib/thumb/v7e-m+fp/hard/libc_nano.a(lib_a-init.o)
                0x0000000008000214                __libc_init_array
 .text          0x000000000800025c       0xa4 /usr/lib/gcc/arm-none-eabi/10.3.1/../../../arm-none-eabi/lib/thumb/v7e-m+fp/hard/libc_nano.a(lib_a-memset.o)
                0x000000000800025c                memset
 *(.text*)
 .text._Z18SystemClock_Configv
                0x0000000008000300       0x76 /home/jake/github_stuff/mLRS/tools/build_l432kb/tx-PSA-2400-l432kb/tx-PSA-2400-l432kb/Core/Src/main.o
                0x0000000008000300                SystemClock_Config()
 *fill*         0x0000000008000376        0x2 
 .text.startup.main
                0x0000000008000378       0x2c /home/jake/github_stuff/mLRS/tools/build_l432kb/tx-PSA-2400-l432kb/tx-PSA-2400-l432kb/Core/Src/main.o
                0x0000000008000378                main
 .text.HAL_MspInit
                0x00000000080003a4       0x30 /home/jake/github_stuff/mLRS/tools/build_l432kb/tx-PSA-2400-l432kb/tx-PSA-2400-l432kb/Core/Src/stm32l4xx_hal_msp.o
                0x00000000080003a4                HAL_MspInit
 .text.NMI_Handler
                0x00000000080003d4        0x2 /home/jake/github_stuff/mLRS/tools/build_l432kb/tx-PSA-2400-l432kb/tx-PSA-2400-l432kb/Core/Src/stm32l4xx_it.o
                0x00000000080003d4                NMI_Handler
 .text.HardFault_Handler
                0x00000000080003d6        0x2 /home/jake/github_stuff/mLRS/tools/build_l432kb/tx-PSA-2400-l432kb/tx-PSA-2400-l432kb/Core/Src/stm32l4xx_it.o
                0x00000000080003d6                HardFault_Handler
 .text.MemManage_Handler
                0x00000000080003d8        0x2 /home/jake/github_stuff/mLRS/tools/build_l432kb/tx-PSA-2400-l432kb/tx-PSA-2400-l432kb/Core/Src/stm32l4xx_it.o
                0x00000000080003d8                MemManage_Handler
 .text.BusFault_Handler
                0x00000000080003da        0x2 /home/jake/github_stuff/mLRS/tools/build_l432kb/tx-PSA-2400-l432kb/tx-PSA-2400-l432kb/Core/Src/stm32l4xx_it.o
                0x00000000080003da                BusFault_Handler
 .text.UsageFault_Handler
                0x00000000080003dc        0x2 /home/jake/github_stuff/mLRS/tools/build_l432kb/tx-PSA-2400-l432kb/tx-PSA-2400-l432kb/Core/Src/stm32l4xx_it.o
                0x00000000080003dc                UsageFault_Handler
 .text.SVC_Handler
                0x00000000080003de        0x2 /home/jake/github_stuff/mLRS/tools/build_l432kb/tx-PSA-2400-l432kb/tx-PSA-2400-l432kb/Core/Src/stm32l4xx_it.o
                0x00000000080003de                SVC_Handler
 .text.DebugMon_Handler
                0x00000000080003e0        0x2 /home/jake/github_stuff/mLRS/tools/build_l432kb/tx-PSA-2400-l432kb/tx-PSA-2400-l432kb/Core/Src/stm32l4xx_it.o
                0x00000000080003e0                DebugMon_Handler
 .text.PendSV_Handler
                0x00000000080003e2        0x2 /home/jake/github_stuff/mLRS/tools/build_l432kb/tx-PSA-2400-l432kb/tx-PSA-2400-l432kb/Core/Src/stm32l4xx_it.o
                0x00000000080003e2                PendSV_Handler
 .text.SysTick_Handler
                0x00000000080003e4        0x4 /home/jake/github_stuff/mLRS/tools/build_l432kb/tx-PSA-2400-l432kb/tx-PSA-2400-l432kb/Core/Src/stm32l4xx_it.o
                0x00000000080003e4                SysTick_Handler
 .text.SystemInit
                0x00000000080003e8       0x14 /home/jake/github_stuff/mLRS/tools/build_l432kb/tx-PSA-2400-l432kb/tx-PSA-2400-l432kb/Core/Src/system_stm32l4xx.o
                0x00000000080003e8                SystemInit
 .text.Reset_Handler
                0x00000000080003fc       0x50 /home/jake/github_stuff/mLRS/tools/build_l432kb/tx-PSA-2400-l432kb/tx-PSA-2400-l432kb/Core/Startup/startup_stm32l432kbux.o
                0x00000000080003fc                Reset_Handler
 .text.Default_Handler
                0x000000000800044c        0x2 /home/jake/github_stuff/mLRS/tools/build_l432kb/tx-PSA-2400-l432kb/tx-PSA-2400-l432kb/Core/Startup/startup_stm32l432kbux.o
                0x000000000800044c                RTC_Alarm_IRQHandler
                0x000000000800044c                EXTI2_IRQHandler
                0x000000000800044c                TIM1_CC_IRQHandler
                0x000000000800044c                TSC_IRQHandler
                0x000000000800044c                TAMP_STAMP_IRQHandler
                0x000000000800044c                EXTI3_IRQHandler
                0x000000000800044c                LPTIM2_IRQHandler
                0x000000000800044c                I2C3_ER_IRQHandler
                0x000000000800044c                EXTI0_IRQHandler
                0x000000000800044c                CAN1_RX0_IRQHandler
                0x000000000800044c                FPU_IRQHandler
                0x000000000800044c                TIM1_UP_TIM16_IRQHandler
                0x000000000800044c                SPI1_IRQHandler
                0x000000000800044c                TIM6_DAC_IRQHandler
                0x000000000800044c                DMA2_Channel2_IRQHandler
                0x000000000800044c                DMA1_Channel4_IRQHandler
                0x000000000800044c                ADC1_IRQHandler
                0x000000000800044c                DMA1_Channel7_IRQHandler
                0x000000000800044c                CAN1_RX1_IRQHandler
                0x000000000800044c                DMA2_Channel1_IRQHandler
                0x000000000800044c                QUADSPI_IRQHandler
                0x000000000800044c                I2C1_EV_IRQHandler
                0x000000000800044c                DMA1_Channel6_IRQHandler
                0x000000000800044c                DMA2_Channel4_IRQHandler
                0x000000000800044c                RCC_IRQHandler
                0x000000000800044c                TIM1_TRG_COM_IRQHandler
                0x000000000800044c                DMA1_Channel1_IRQHandler
                0x000000000800044c                Default_Handler
                0x000000000800044c                DMA2_Channel7_IRQHandler
                0x000000000800044c                EXTI15_10_IRQHandler
                0x000000000800044c                TIM7_IRQHandler
                0x000000000800044c                I2C3_EV_IRQHandler
                0x000000000800044c                USB_IRQHandler
                0x000000000800044c                EXTI9_5_IRQHandler
                0x000000000800044c                RTC_WKUP_IRQHandler
                0x000000000800044c                PVD_PVM_IRQHandler
                0x000000000800044c                CAN1_TX_IRQHandler
                0x000000000800044c                DMA2_Channel5_IRQHandler
                0x000000000800044c                CRS_IRQHandler
                0x000000000800044c                DMA1_Channel5_IRQHandler
                0x000000000800044c                EXTI4_IRQHandler
                0x000000000800044c                RNG_IRQHandler
                0x000000000800044c                DMA1_Channel3_IRQHandler
                0x000000000800044c                COMP_IRQHandler
                0x000000000800044c                WWDG_IRQHandler
                0x000000000800044c                LPUART1_IRQHandler
                0x000000000800044c                DMA2_Channel6_IRQHandler
                0x000000000800044c                TIM2_IRQHandler
                0x000000000800044c                EXTI1_IRQHandler
                0x000000000800044c                USART2_IRQHandler
                0x000000000800044c                DMA1_Channel2_IRQHandler
                0x000000000800044c                CAN1_SCE_IRQHandler
                0x000000000800044c                FLASH_IRQHandler
                0x000000000800044c                USART1_IRQHandler
                0x000000000800044c                SPI3_IRQHandler
                0x000000000800044c                I2C1_ER_IRQHandler
                0x000000000800044c                SWPMI1_IRQHandler
                0x000000000800044c                LPTIM1_IRQHandler
                0x000000000800044c                SAI1_IRQHandler
                0x000000000800044c                DMA2_Channel3_IRQHandler
                0x000000000800044c                TIM1_BRK_TIM15_IRQHandler
 *fill*         0x000000000800044e        0x2 
 .text.HAL_InitTick
                0x0000000008000450       0x4c /home/jake/github_stuff/mLRS/tools/build_l432kb/tx-PSA-2400-l432kb/tx-PSA-2400-l432kb/Drivers/STM32L4xx_HAL_Driver/Src/stm32l4xx_hal.o
                0x0000000008000450                HAL_InitTick
 .text.HAL_Init
                0x000000000800049c       0x1e /home/jake/github_stuff/mLRS/tools/build_l432kb/tx-PSA-2400-l432kb/tx-PSA-2400-l432kb/Drivers/STM32L4xx_HAL_Driver/Src/stm32l4xx_hal.o
                0x000000000800049c                HAL_Init
 *fill*         0x00000000080004ba        0x2 
 .text.HAL_IncTick
                0x00000000080004bc       0x18 /home/jake/github_stuff/mLRS/tools/build_l432kb/tx-PSA-2400-l432kb/tx-PSA-2400-l432kb/Drivers/STM32L4xx_HAL_Driver/Src/stm32l4xx_hal.o
                0x00000000080004bc                HAL_IncTick
 .text.HAL_GetTick
                0x00000000080004d4        0xc /home/jake/github_stuff/mLRS/tools/build_l432kb/tx-PSA-2400-l432kb/tx-PSA-2400-l432kb/Drivers/STM32L4xx_HAL_Driver/Src/stm32l4xx_hal.o
                0x00000000080004d4                HAL_GetTick
 .text.HAL_NVIC_SetPriorityGrouping
                0x00000000080004e0       0x24 /home/jake/github_stuff/mLRS/tools/build_l432kb/tx-PSA-2400-l432kb/tx-PSA-2400-l432kb/Drivers/STM32L4xx_HAL_Driver/Src/stm32l4xx_hal_cortex.o
                0x00000000080004e0                HAL_NVIC_SetPriorityGrouping
 .text.HAL_NVIC_SetPriority
                0x0000000008000504       0x64 /home/jake/github_stuff/mLRS/tools/build_l432kb/tx-PSA-2400-l432kb/tx-PSA-2400-l432kb/Drivers/STM32L4xx_HAL_Driver/Src/stm32l4xx_hal_cortex.o
                0x0000000008000504                HAL_NVIC_SetPriority
 .text.HAL_SYSTICK_Config
                0x0000000008000568       0x28 /home/jake/github_stuff/mLRS/tools/build_l432kb/tx-PSA-2400-l432kb/tx-PSA-2400-l432kb/Drivers/STM32L4xx_HAL_Driver/Src/stm32l4xx_hal_cortex.o
                0x0000000008000568                HAL_SYSTICK_Config
 .text.HAL_PWREx_GetVoltageRange
                0x0000000008000590       0x10 /home/jake/github_stuff/mLRS/tools/build_l432kb/tx-PSA-2400-l432kb/tx-PSA-2400-l432kb/Drivers/STM32L4xx_HAL_Driver/Src/stm32l4xx_hal_pwr_ex.o
                0x0000000008000590                HAL_PWREx_GetVoltageRange
 .text.HAL_PWREx_ControlVoltageScaling
                0x00000000080005a0       0x6c /home/jake/github_stuff/mLRS/tools/build_l432kb/tx-PSA-2400-l432kb/tx-PSA-2400-l432kb/Drivers/STM32L4xx_HAL_Driver/Src/stm32l4xx_hal_pwr_ex.o
                0x00000000080005a0                HAL_PWREx_ControlVoltageScaling
 .text.RCC_SetFlashLatencyFromMSIRange
                0x000000000800060c       0x84 /home/jake/github_stuff/mLRS/tools/build_l432kb/tx-PSA-2400-l432kb/tx-PSA-2400-l432kb/Drivers/STM32L4xx_HAL_Driver/Src/stm32l4xx_hal_rcc.o
 .text.HAL_RCC_GetSysClockFreq
                0x0000000008000690       0x9c /home/jake/github_stuff/mLRS/tools/build_l432kb/tx-PSA-2400-l432kb/tx-PSA-2400-l432kb/Drivers/STM32L4xx_HAL_Driver/Src/stm32l4xx_hal_rcc.o
                0x0000000008000690                HAL_RCC_GetSysClockFreq
 .text.HAL_RCC_OscConfig
                0x000000000800072c      0x548 /home/jake/github_stuff/mLRS/tools/build_l432kb/tx-PSA-2400-l432kb/tx-PSA-2400-l432kb/Drivers/STM32L4xx_HAL_Driver/Src/stm32l4xx_hal_rcc.o
                0x000000000800072c                HAL_RCC_OscConfig
 .text.HAL_RCC_ClockConfig
                0x0000000008000c74      0x154 /home/jake/github_stuff/mLRS/tools/build_l432kb/tx-PSA-2400-l432kb/tx-PSA-2400-l432kb/Drivers/STM32L4xx_HAL_Driver/Src/stm32l4xx_hal_rcc.o
                0x0000000008000c74                HAL_RCC_ClockConfig
 *(.glue_7)
 .glue_7        0x0000000008000dc8        0x0 linker stubs
 *(.glue_7t)
 .glue_7t       0x0000000008000dc8        0x0 linker stubs
 *(.eh_frame)
 .eh_frame      0x0000000008000dc8        0x0 /usr/lib/gcc/arm-none-eabi/10.3.1/thumb/v7e-m+fp/hard/crtbegin.o
 *(.init)
 .init          0x0000000008000dc8        0x4 /usr/lib/gcc/arm-none-eabi/10.3.1/thumb/v7e-m+fp/hard/crti.o
                0x0000000008000dc8                _init
 .init          0x0000000008000dcc        0x8 /usr/lib/gcc/arm-none-eabi/10.3.1/thumb/v7e-m+fp/hard/crtn.o
 *(.fini)
 .fini          0x0000000008000dd4        0x4 /usr/lib/gcc/arm-none-eabi/10.3.1/thumb/v7e-m+fp/hard/crti.o
                0x0000000008000dd4                _fini
 .fini          0x0000000008000dd8        0x8 /usr/lib/gcc/arm-none-eabi/10.3.1/thumb/v7e-m+fp/hard/crtn.o
                0x0000000008000de0                . = ALIGN (0x4)
                0x0000000008000de0                _etext = .

.vfp11_veneer   0x0000000008000de0        0x0
 .vfp11_veneer  0x0000000008000de0        0x0 linker stubs

.v4_bx          0x0000000008000de0        0x0
 .v4_bx         0x0000000008000de0        0x0 linker stubs

.iplt           0x0000000008000de0        0x0
 .iplt          0x0000000008000de0        0x0 /usr/lib/gcc/arm-none-eabi/10.3.1/thumb/v7e-m+fp/hard/crtbegin.o

.rodata         0x0000000008000de0       0x40
                0x0000000008000de0                . = ALIGN (0x4)
 *(.rodata)
 *(.rodata*)
 .rodata.AHBPrescTable
                0x0000000008000de0       0x10 /home/jake/github_stuff/mLRS/tools/build_l432kb/tx-PSA-2400-l432kb/tx-PSA-2400-l432kb/Core/Src/system_stm32l4xx.o
                0x0000000008000de0                AHBPrescTable
 .rodata.MSIRangeTable
                0x0000000008000df0       0x30 /home/jake/github_stuff/mLRS/tools/build_l432kb/tx-PSA-2400-l432kb/tx-PSA-2400-l432kb/Core/Src/system_stm32l4xx.o
                0x0000000008000df0                MSIRangeTable
                0x0000000008000e20                . = ALIGN (0x4)

.ARM.extab      0x0000000008000e20        0x0
                0x0000000008000e20                . = ALIGN (0x4)
 *(.ARM.extab* .gnu.linkonce.armextab.*)
                0x0000000008000e20                . = ALIGN (0x4)

.ARM            0x0000000008000e20        0x0
                0x0000000008000e20                . = ALIGN (0x4)
                0x0000000008000e20                __exidx_start = .
 *(.ARM.exidx*)
                0x0000000008000e20                __exidx_end = .
                0x0000000008000e20                . = ALIGN (0x4)

.preinit_array  0x0000000008000e20        0x0
                0x0000000008000e20                . = ALIGN (0x4)
                0x0000000008000e20                PROVIDE (__preinit_array_start = .)
 *(.preinit_array*)
                0x0000000008000e20                PROVIDE (__preinit_array_end = .)
                0x0000000008000e20                . = ALIGN (0x4)

.init_array     0x0000000008000e20        0x4
                0x0000000008000e20                . = ALIGN (0x4)
                0x0000000008000e20                PROVIDE (__init_array_start = .)
 *(SORT_BY_NAME(.init_array.*))
 *(.init_array*)
 .init_array    0x0000000008000e20        0x4 /usr/lib/gcc/arm-none-eabi/10.3.1/thumb/v7e-m+fp/hard/crtbegin.o
                0x0000000008000e24                PROVIDE (__init_array_end = .)
                0x0000000008000e24                . = ALIGN (0x4)

.fini_array     0x0000000008000e24        0x4
                0x0000000008000e24                . = ALIGN (0x4)
                0x0000000008000e24                PROVIDE (__fini_array_start = .)
 *(SORT_BY_NAME(.fini_array.*))
 *(.fini_array*)
 .fini_array    0x0000000008000e24        0x4 /usr/lib/gcc/arm-none-eabi/10.3.1/thumb/v7e-m+fp/hard/crtbegin.o
                0x0000000008000e28                PROVIDE (__fini_array_end = .)
                0x0000000008000e28                . = ALIGN (0x4)
                0x0000000008000e28                _sidata = LOADADDR (.data)

.rel.dyn        0x0000000008000e28        0x0
 .rel.iplt      0x0000000008000e28        0x0 /usr/lib/gcc/arm-none-eabi/10.3.1/thumb/v7e-m+fp/hard/crtbegin.o

.data           0x0000000020000000        0xc load address 0x0000000008000e28
                0x0000000020000000                . = ALIGN (0x4)
                0x0000000020000000                _sdata = .
 *(.data)
 *(.data*)
 .data.SystemCoreClock
                0x0000000020000000        0x4 /home/jake/github_stuff/mLRS/tools/build_l432kb/tx-PSA-2400-l432kb/tx-PSA-2400-l432kb/Core/Src/system_stm32l4xx.o
                0x0000000020000000                SystemCoreClock
 .data.uwTickFreq
                0x0000000020000004        0x1 /home/jake/github_stuff/mLRS/tools/build_l432kb/tx-PSA-2400-l432kb/tx-PSA-2400-l432kb/Drivers/STM32L4xx_HAL_Driver/Src/stm32l4xx_hal.o
                0x0000000020000004                uwTickFreq
 *fill*         0x0000000020000005        0x3 
 .data.uwTickPrio
                0x0000000020000008        0x4 /home/jake/github_stuff/mLRS/tools/build_l432kb/tx-PSA-2400-l432kb/tx-PSA-2400-l432kb/Drivers/STM32L4xx_HAL_Driver/Src/stm32l4xx_hal.o
                0x0000000020000008                uwTickPrio
 *(.RamFunc)
 *(.RamFunc*)
                0x000000002000000c                . = ALIGN (0x4)
                0x000000002000000c                _edata = .

.tm_clone_table
                0x000000002000000c        0x0 load address 0x0000000008000e34
 .tm_clone_table
                0x000000002000000c        0x0 /usr/lib/gcc/arm-none-eabi/10.3.1/thumb/v7e-m+fp/hard/crtbegin.o
 .tm_clone_table
                0x000000002000000c        0x0 /usr/lib/gcc/arm-none-eabi/10.3.1/thumb/v7e-m+fp/hard/crtend.o

.igot.plt       0x000000002000000c        0x0 load address 0x0000000008000e34
 .igot.plt      0x000000002000000c        0x0 /usr/lib/gcc/arm-none-eabi/10.3.1/thumb/v7e-m+fp/hard/crtbegin.o
                0x000000002000000c                . = ALIGN (0x4)

.bss            0x000000002000000c       0x20 load address 0x0000000008000e34
                0x000000002000000c                _sbss = .
                0x000000002000000c                __bss_start__ = _sbss
 *(.bss)
 .bss           0x000000002000000c       0x1c /usr/lib/gcc/arm-none-eabi/10.3.1/thumb/v7e-m+fp/hard/crtbegin.o
 *(.bss*)
 .bss.uwTick    0x0000000020000028        0x4 /home/jake/github_stuff/mLRS/tools/build_l432kb/tx-PSA-2400-l432kb/tx-PSA-2400-l432kb/Drivers/STM32L4xx_HAL_Driver/Src/stm32l4xx_hal.o
                0x0000000020000028                uwTick
 *(COMMON)
                0x000000002000002c                . = ALIGN (0x4)
                0x000000002000002c                _ebss = .
                0x000000002000002c                __bss_end__ = _ebss

._user_heap_stack
                0x000000002000002c      0x404 load address 0x0000000008000e34
                0x0000000020000030                . = ALIGN (0x8)
 *fill*         0x000000002000002c        0x4 
                [!provide]                        PROVIDE (end = .)
                0x0000000020000030                PROVIDE (_end = .)
                0x0000000020000030                . = (. + _Min_Heap_Size)
                0x0000000020000430                . = (. + _Min_Stack_Size)
 *fill*         0x0000000020000030      0x400 
                0x0000000020000430                . = ALIGN (0x8)

/DISCARD/
 libc.a(*)
 libm.a(*)
 libgcc.a(*)

.ARM.attributes
                0x0000000000000000       0x30
 *(.ARM.attributes)
 .ARM.attributes
                0x0000000000000000       0x1e /usr/lib/gcc/arm-none-eabi/10.3.1/thumb/v7e-m+fp/hard/crti.o
 .ARM.attributes
                0x000000000000001e       0x34 /usr/lib/gcc/arm-none-eabi/10.3.1/thumb/v7e-m+fp/hard/crtbegin.o
 .ARM.attributes
                0x0000000000000052       0x34 /home/jake/github_stuff/mLRS/tools/build_l432kb/tx-PSA-2400-l432kb/tx-PSA-2400-l432kb/Core/Src/main.o
 .ARM.attributes
                0x0000000000000086       0x34 /home/jake/github_stuff/mLRS/tools/build_l432kb/tx-PSA-2400-l432kb/tx-PSA-2400-l432kb/Core/Src/stm32l4xx_hal_msp.o
 .ARM.attributes
                0x00000000000000ba       0x34 /home/jake/github_stuff/mLRS/tools/build_l432kb/tx-PSA-2400-l432kb/tx-PSA-2400-l432kb/Core/Src/stm32l4xx_it.o
 .ARM.attributes
                0x00000000000000ee       0x34 /home/jake/github_stuff/mLRS/tools/build_l432kb/tx-PSA-2400-l432kb/tx-PSA-2400-l432kb/Core/Src/system_stm32l4xx.o
 .ARM.attributes
                0x0000000000000122       0x21 /home/jake/github_stuff/mLRS/tools/build_l432kb/tx-PSA-2400-l432kb/tx-PSA-2400-l432kb/Core/Startup/startup_stm32l432kbux.o
 .ARM.attributes
                0x0000000000000143       0x34 /home/jake/github_stuff/mLRS/tools/build_l432kb/tx-PSA-2400-l432kb/tx-PSA-2400-l432kb/Drivers/STM32L4xx_HAL_Driver/Src/stm32l4xx_hal.o
 .ARM.attributes
                0x0000000000000177       0x34 /home/jake/github_stuff/mLRS/tools/build_l432kb/tx-PSA-2400-l432kb/tx-PSA-2400-l432kb/Drivers/STM32L4xx_HAL_Driver/Src/stm32l4xx_hal_cortex.o
 .ARM.attributes
                0x00000000000001ab       0x34 /home/jake/github_stuff/mLRS/tools/build_l432kb/tx-PSA-2400-l432kb/tx-PSA-2400-l432kb/Drivers/STM32L4xx_HAL_Driver/Src/stm32l4xx_hal_pwr_ex.o
 .ARM.attributes
                0x00000000000001df       0x34 /home/jake/github_stuff/mLRS/tools/build_l432kb/tx-PSA-2400-l432kb/tx-PSA-2400-l432kb/Drivers/STM32L4xx_HAL_Driver/Src/stm32l4xx_hal_rcc.o
 .ARM.attributes
                0x0000000000000213       0x34 /usr/lib/gcc/arm-none-eabi/10.3.1/../../../arm-none-eabi/lib/thumb/v7e-m+fp/hard/libc_nano.a(lib_a-init.o)
 .ARM.attributes
                0x0000000000000247       0x34 /usr/lib/gcc/arm-none-eabi/10.3.1/../../../arm-none-eabi/lib/thumb/v7e-m+fp/hard/libc_nano.a(lib_a-memset.o)
 .ARM.attributes
                0x000000000000027b       0x32 /usr/lib/gcc/arm-none-eabi/10.3.1/thumb/v7e-m+fp/hard/crtend.o
 .ARM.attributes
                0x00000000000002ad       0x1e /usr/lib/gcc/arm-none-eabi/10.3.1/thumb/v7e-m+fp/hard/crtn.o
OUTPUT(/home/jake/github_stuff/mLRS/tools/build_l432kb/tx-PSA-2400-l432kb/tx-PSA-2400-l432kb.elf elf32-littlearm)
LOAD linker stubs
LOAD /usr/lib/gcc/arm-none-eabi/10.3.1/../../../arm-none-eabi/lib/thumb/v7e-m+fp/hard/libc.a
LOAD /usr/lib/gcc/arm-none-eabi/10.3.1/../../../arm-none-eabi/lib/thumb/v7e-m+fp/hard/libm.a
LOAD /usr/lib/gcc/arm-none-eabi/10.3.1/thumb/v7e-m+fp/hard/libgcc.a

.comment        0x0000000000000000       0x33
 .comment       0x0000000000000000       0x33 /usr/lib/gcc/arm-none-eabi/10.3.1/thumb/v7e-m+fp/hard/crtbegin.o
                                         0x34 (size before relaxing)
 .comment       0x0000000000000033       0x34 /home/jake/github_stuff/mLRS/tools/build_l432kb/tx-PSA-2400-l432kb/tx-PSA-2400-l432kb/Core/Src/main.o
 .comment       0x0000000000000033       0x34 /home/jake/github_stuff/mLRS/tools/build_l432kb/tx-PSA-2400-l432kb/tx-PSA-2400-l432kb/Core/Src/stm32l4xx_hal_msp.o
 .comment       0x0000000000000033       0x34 /home/jake/github_stuff/mLRS/tools/build_l432kb/tx-PSA-2400-l432kb/tx-PSA-2400-l432kb/Core/Src/stm32l4xx_it.o
 .comment       0x0000000000000033       0x34 /home/jake/github_stuff/mLRS/tools/build_l432kb/tx-PSA-2400-l432kb/tx-PSA-2400-l432kb/Core/Src/system_stm32l4xx.o
 .comment       0x0000000000000033       0x34 /home/jake/github_stuff/mLRS/tools/build_l432kb/tx-PSA-2400-l432kb/tx-PSA-2400-l432kb/Drivers/STM32L4xx_HAL_Driver/Src/stm32l4xx_hal.o
 .comment       0x0000000000000033       0x34 /home/jake/github_stuff/mLRS/tools/build_l432kb/tx-PSA-2400-l432kb/tx-PSA-2400-l432kb/Drivers/STM32L4xx_HAL_Driver/Src/stm32l4xx_hal_cortex.o
 .comment       0x0000000000000033       0x34 /home/jake/github_stuff/mLRS/tools/build_l432kb/tx-PSA-2400-l432kb/tx-PSA-2400-l432kb/Drivers/STM32L4xx_HAL_Driver/Src/stm32l4xx_hal_pwr_ex.o
 .comment       0x0000000000000033       0x34 /home/jake/github_stuff/mLRS/tools/build_l432kb/tx-PSA-2400-l432kb/tx-PSA-2400-l432kb/Drivers/STM32L4xx_HAL_Driver/Src/stm32l4xx_hal_rcc.o
 .comment       0x0000000000000033       0x34 /usr/lib/gcc/arm-none-eabi/10.3.1/../../../arm-none-eabi/lib/thumb/v7e-m+fp/hard/libc_nano.a(lib_a-init.o)
 .comment       0x0000000000000033       0x34 /usr/lib/gcc/arm-none-eabi/10.3.1/../../../arm-none-eabi/lib/thumb/v7e-m+fp/hard/libc_nano.a(lib_a-memset.o)
 .comment       0x0000000000000033       0x34 /usr/lib/gcc/arm-none-eabi/10.3.1/thumb/v7e-m+fp/hard/crtend.o

.debug_info     0x0000000000000000      0x251
 .debug_info    0x0000000000000000      0x11a /usr/lib/gcc/arm-none-eabi/10.3.1/../../../arm-none-eabi/lib/thumb/v7e-m+fp/hard/libc_nano.a(lib_a-init.o)
 .debug_info    0x000000000000011a      0x137 /usr/lib/gcc/arm-none-eabi/10.3.1/../../../arm-none-eabi/lib/thumb/v7e-m+fp/hard/libc_nano.a(lib_a-memset.o)

.debug_abbrev   0x0000000000000000      0x180
 .debug_abbrev  0x0000000000000000       0xcc /usr/lib/gcc/arm-none-eabi/10.3.1/../../../arm-none-eabi/lib/thumb/v7e-m+fp/hard/libc_nano.a(lib_a-init.o)
 .debug_abbrev  0x00000000000000cc       0xb4 /usr/lib/gcc/arm-none-eabi/10.3.1/../../../arm-none-eabi/lib/thumb/v7e-m+fp/hard/libc_nano.a(lib_a-memset.o)

.debug_loc      0x0000000000000000      0x2e6
 .debug_loc     0x0000000000000000       0xba /usr/lib/gcc/arm-none-eabi/10.3.1/../../../arm-none-eabi/lib/thumb/v7e-m+fp/hard/libc_nano.a(lib_a-init.o)
 .debug_loc     0x00000000000000ba      0x22c /usr/lib/gcc/arm-none-eabi/10.3.1/../../../arm-none-eabi/lib/thumb/v7e-m+fp/hard/libc_nano.a(lib_a-memset.o)

.debug_aranges  0x0000000000000000       0x40
 .debug_aranges
                0x0000000000000000       0x20 /usr/lib/gcc/arm-none-eabi/10.3.1/../../../arm-none-eabi/lib/thumb/v7e-m+fp/hard/libc_nano.a(lib_a-init.o)
 .debug_aranges
                0x0000000000000020       0x20 /usr/lib/gcc/arm-none-eabi/10.3.1/../../../arm-none-eabi/lib/thumb/v7e-m+fp/hard/libc_nano.a(lib_a-memset.o)

.debug_line     0x0000000000000000      0x2f7
 .debug_line    0x0000000000000000      0x138 /usr/lib/gcc/arm-none-eabi/10.3.1/../../../arm-none-eabi/lib/thumb/v7e-m+fp/hard/libc_nano.a(lib_a-init.o)
 .debug_line    0x0000000000000138      0x1bf /usr/lib/gcc/arm-none-eabi/10.3.1/../../../arm-none-eabi/lib/thumb/v7e-m+fp/hard/libc_nano.a(lib_a-memset.o)

.debug_str      0x0000000000000000      0x283
 .debug_str     0x0000000000000000      0x1d2 /usr/lib/gcc/arm-none-eabi/10.3.1/../../../arm-none-eabi/lib/thumb/v7e-m+fp/hard/libc_nano.a(lib_a-init.o)
                                        0x20b (size before relaxing)
 .debug_str     0x00000000000001d2       0xb1 /usr/lib/gcc/arm-none-eabi/10.3.1/../../../arm-none-eabi/lib/thumb/v7e-m+fp/hard/libc_nano.a(lib_a-memset.o)
                                        0x1c0 (size before relaxing)

.debug_frame    0x0000000000000000       0x58
 .debug_frame   0x0000000000000000       0x2c /usr/lib/gcc/arm-none-eabi/10.3.1/../../../arm-none-eabi/lib/thumb/v7e-m+fp/hard/libc_nano.a(lib_a-init.o)
 .debug_frame   0x000000000000002c       0x2c /usr/lib/gcc/arm-none-eabi/10.3.1/../../../arm-none-eabi/lib/thumb/v7e-m+fp/hard/libc_nano.a(lib_a-memset.o)
