/home/jake/github_stuff/mLRS/mLRS/rx-PSA-2400-l432kb/Drivers/STM32L4xx_HAL_Driver/Inc/stm32l4xx_ll_dma.h:1512:22:LL_DMA_SetPeriphRequest	8	static
/home/jake/github_stuff/mLRS/mLRS/rx-PSA-2400-l432kb/Drivers/STM32L4xx_HAL_Driver/Src/stm32l4xx_ll_dma.c:162:13:LL_DMA_DeInit	16	static
/home/jake/github_stuff/mLRS/mLRS/rx-PSA-2400-l432kb/Drivers/STM32L4xx_HAL_Driver/Src/stm32l4xx_ll_dma.c:286:13:LL_DMA_Init	24	static
/home/jake/github_stuff/mLRS/mLRS/rx-PSA-2400-l432kb/Drivers/STM32L4xx_HAL_Driver/Src/stm32l4xx_ll_dma.c:362:6:LL_DMA_StructInit	0	static
