/home/jake/github_stuff/mLRS/mLRS/Common/thirdparty/gdisp.c:385:6:gdisp_setpixel_rot180_	0	static
/home/jake/github_stuff/mLRS/mLRS/Common/thirdparty/gdisp.c:362:6:gdisp_setpixel_	0	static
/home/jake/github_stuff/mLRS/mLRS/Common/thirdparty/gdisp.c:390:6:gdisp_setpixel_rot270_	0	static
/home/jake/github_stuff/mLRS/mLRS/Common/thirdparty/gdisp.c:380:6:gdisp_setpixel_rot90_	0	static
/home/jake/github_stuff/mLRS/mLRS/Common/thirdparty/gdisp.c:170:6:ssd1306_init	8	static
/home/jake/github_stuff/mLRS/mLRS/Common/thirdparty/gdisp.c:177:6:ssd1306_cmd2	16	static
/home/jake/github_stuff/mLRS/mLRS/Common/thirdparty/gdisp.c:184:6:ssd1306_cmdhome	16	static
/home/jake/github_stuff/mLRS/mLRS/Common/thirdparty/gdisp.c:193:6:ssd1306_contraststart	16	static
/home/jake/github_stuff/mLRS/mLRS/Common/thirdparty/gdisp.c:200:6:ssd1306_contrastend	16	static
/home/jake/github_stuff/mLRS/mLRS/Common/thirdparty/gdisp.c:208:6:ssd1306_contrast	16	static
/home/jake/github_stuff/mLRS/mLRS/Common/thirdparty/gdisp.c:222:19:ssd1306_put_noblock	24	static
/home/jake/github_stuff/mLRS/mLRS/Common/thirdparty/gdisp.c:240:6:gdisp_hal_init	8	static
/home/jake/github_stuff/mLRS/mLRS/Common/thirdparty/gdisp.c:251:6:gdisp_hal_cmdhome	16	static
/home/jake/github_stuff/mLRS/mLRS/Common/thirdparty/gdisp.c:260:19:gdisp_hal_put	24	static
/home/jake/github_stuff/mLRS/mLRS/Common/thirdparty/gdisp.c:270:6:gdisp_hal_contraststart	16	static
/home/jake/github_stuff/mLRS/mLRS/Common/thirdparty/gdisp.c:279:6:gdisp_hal_contrastend	16	static
/home/jake/github_stuff/mLRS/mLRS/Common/thirdparty/gdisp.c:288:6:gdisp_hal_contrast	16	static
/home/jake/github_stuff/mLRS/mLRS/Common/thirdparty/gdisp.c:303:6:gdisp_update	24	static
/home/jake/github_stuff/mLRS/mLRS/Common/thirdparty/gdisp.c:323:9:gdisp_update_completed	8	static
/home/jake/github_stuff/mLRS/mLRS/Common/thirdparty/gdisp.c:331:6:gdisp_setrotation	0	static
/home/jake/github_stuff/mLRS/mLRS/Common/thirdparty/gdisp.c:396:6:gdisp_setpixelfuncptr_	0	static
/home/jake/github_stuff/mLRS/mLRS/Common/thirdparty/gdisp.c:414:6:gdisp_clear	0	static
/home/jake/github_stuff/mLRS/mLRS/Common/thirdparty/gdisp.c:421:6:gdisp_drawpixel	0	static
/home/jake/github_stuff/mLRS/mLRS/Common/thirdparty/gdisp.c:431:6:gdisp_drawbitmap	56	static
/home/jake/github_stuff/mLRS/mLRS/Common/thirdparty/gdisp.c:455:6:gdisp_writeline	0	static
/home/jake/github_stuff/mLRS/mLRS/Common/thirdparty/gdisp.c:461:6:gdisp_drawline_H	32	static
/home/jake/github_stuff/mLRS/mLRS/Common/thirdparty/gdisp.c:471:6:gdisp_drawline_V	32	static
/home/jake/github_stuff/mLRS/mLRS/Common/thirdparty/gdisp.c:481:6:gdisp_drawline	32	static
/home/jake/github_stuff/mLRS/mLRS/Common/thirdparty/gdisp.c:496:6:gdisp_drawrect_WH	48	static
/home/jake/github_stuff/mLRS/mLRS/Common/thirdparty/gdisp.c:507:6:gdisp_drawrect	48	static
/home/jake/github_stuff/mLRS/mLRS/Common/thirdparty/gdisp.c:513:6:gdisp_fillrect_WH	48	static
/home/jake/github_stuff/mLRS/mLRS/Common/thirdparty/gdisp.c:523:6:gdisp_fillrect	4	static
/home/jake/github_stuff/mLRS/mLRS/Common/thirdparty/gdisp.c:534:6:gdisp_setfontbackground	0	static
/home/jake/github_stuff/mLRS/mLRS/Common/thirdparty/gdisp.c:535:6:gdisp_unsetfontbackground	0	static
/home/jake/github_stuff/mLRS/mLRS/Common/thirdparty/gdisp.c:536:6:gdisp_setfont	0	static
/home/jake/github_stuff/mLRS/mLRS/Common/thirdparty/gdisp.c:537:6:gdisp_unsetfont	0	static
/home/jake/github_stuff/mLRS/mLRS/Common/thirdparty/gdisp.c:539:6:gdisp_setkerning	0	static
/home/jake/github_stuff/mLRS/mLRS/Common/thirdparty/gdisp.c:540:6:gdisp_unsetkerning	0	static
/home/jake/github_stuff/mLRS/mLRS/Common/thirdparty/gdisp.c:542:6:gdisp_setinverted	0	static
/home/jake/github_stuff/mLRS/mLRS/Common/thirdparty/gdisp.c:543:6:gdisp_unsetinverted	0	static
/home/jake/github_stuff/mLRS/mLRS/Common/thirdparty/gdisp.c:545:6:gdisp_setcurX	0	static
/home/jake/github_stuff/mLRS/mLRS/Common/thirdparty/gdisp.c:546:6:gdisp_setcurY	0	static
/home/jake/github_stuff/mLRS/mLRS/Common/thirdparty/gdisp.c:547:6:gdisp_setcurXY	0	static
/home/jake/github_stuff/mLRS/mLRS/Common/thirdparty/gdisp.c:548:6:gdisp_movecurX	0	static
/home/jake/github_stuff/mLRS/mLRS/Common/thirdparty/gdisp.c:549:6:gdisp_movecurY	0	static
/home/jake/github_stuff/mLRS/mLRS/Common/thirdparty/gdisp.c:552:6:gdisp_w	40	static
/home/jake/github_stuff/mLRS/mLRS/Common/thirdparty/gdisp.c:590:6:gdisp_wf	64	static
/home/jake/github_stuff/mLRS/mLRS/Common/thirdparty/gdisp.c:634:10:gdisp_strwidth	16	static
/home/jake/github_stuff/mLRS/mLRS/Common/thirdparty/gdisp.c:654:6:gdisp_putc	0	static
/home/jake/github_stuff/mLRS/mLRS/Common/thirdparty/gdisp.c:660:6:gdisp_puts	16	static
/home/jake/github_stuff/mLRS/mLRS/Common/thirdparty/gdisp.c:666:6:gdisp_puts_XCentered	24	static
/home/jake/github_stuff/mLRS/mLRS/Common/thirdparty/gdisp.c:678:6:gdisp_init	24	static
