/home/jake/github_stuff/mLRS/mLRS/modules/stm32ll-lib/src/stdstm32.c:18:6:u8toBCD	8	static
/home/jake/github_stuff/mLRS/mLRS/modules/stm32ll-lib/src/stdstm32.c:26:6:u16toBCD	16	static
/home/jake/github_stuff/mLRS/mLRS/modules/stm32ll-lib/src/stdstm32.c:36:6:u32toBCD	32	static
/home/jake/github_stuff/mLRS/mLRS/modules/stm32ll-lib/src/stdstm32.c:54:6:u8toBCDstr	8	static
/home/jake/github_stuff/mLRS/mLRS/modules/stm32ll-lib/src/stdstm32.c:61:6:s8toBCDstr	8	static
/home/jake/github_stuff/mLRS/mLRS/modules/stm32ll-lib/src/stdstm32.c:70:6:u16toBCDstr	16	static
/home/jake/github_stuff/mLRS/mLRS/modules/stm32ll-lib/src/stdstm32.c:77:6:s16toBCDstr	16	static
/home/jake/github_stuff/mLRS/mLRS/modules/stm32ll-lib/src/stdstm32.c:86:6:u32toBCDstr	40	static
/home/jake/github_stuff/mLRS/mLRS/modules/stm32ll-lib/src/stdstm32.c:93:6:s32toBCDstr	40	static
/home/jake/github_stuff/mLRS/mLRS/modules/stm32ll-lib/src/stdstm32.c:103:6:utoBCDstr	12	static
/home/jake/github_stuff/mLRS/mLRS/modules/stm32ll-lib/src/stdstm32.c:114:6:stoBCDstr	8	static
/home/jake/github_stuff/mLRS/mLRS/modules/stm32ll-lib/src/stdstm32.c:122:6:u8toHEXchar	0	static
/home/jake/github_stuff/mLRS/mLRS/modules/stm32ll-lib/src/stdstm32.c:130:6:u8toHEXstr	0	static
/home/jake/github_stuff/mLRS/mLRS/modules/stm32ll-lib/src/stdstm32.c:142:6:u16toHEXstr	16	static
/home/jake/github_stuff/mLRS/mLRS/modules/stm32ll-lib/src/stdstm32.c:152:6:u32toHEXstr	16	static
/home/jake/github_stuff/mLRS/mLRS/modules/stm32ll-lib/src/stdstm32.c:168:6:u64toHEXstr	24	static
/home/jake/github_stuff/mLRS/mLRS/modules/stm32ll-lib/src/stdstm32.c:196:9:HEXstrtou8	0	static
/home/jake/github_stuff/mLRS/mLRS/modules/stm32ll-lib/src/stdstm32.c:217:10:HEXstrtou16	8	static
/home/jake/github_stuff/mLRS/mLRS/modules/stm32ll-lib/src/stdstm32.c:238:10:HEXchartou16	0	static
/home/jake/github_stuff/mLRS/mLRS/modules/stm32ll-lib/src/stdstm32.c:252:10:isHEXchar	0	static
/home/jake/github_stuff/mLRS/mLRS/modules/stm32ll-lib/src/stdstm32.c:261:10:isHEXstr	8	static
/home/jake/github_stuff/mLRS/mLRS/modules/stm32ll-lib/src/stdstm32.c:273:10:BCDstrtou16	8	static
/home/jake/github_stuff/mLRS/mLRS/modules/stm32ll-lib/src/stdstm32.c:282:10:BCDstrtou32	0	static
/home/jake/github_stuff/mLRS/mLRS/modules/stm32ll-lib/src/stdstm32.c:296:7:u8toBCD_s	8	static
/home/jake/github_stuff/mLRS/mLRS/modules/stm32ll-lib/src/stdstm32.c:303:7:s8toBCD_s	8	static
/home/jake/github_stuff/mLRS/mLRS/modules/stm32ll-lib/src/stdstm32.c:310:7:u16toBCD_s	8	static
/home/jake/github_stuff/mLRS/mLRS/modules/stm32ll-lib/src/stdstm32.c:317:7:s16toBCD_s	8	static
/home/jake/github_stuff/mLRS/mLRS/modules/stm32ll-lib/src/stdstm32.c:324:7:u32toBCD_s	8	static
/home/jake/github_stuff/mLRS/mLRS/modules/stm32ll-lib/src/stdstm32.c:331:7:s32toBCD_s	8	static
/home/jake/github_stuff/mLRS/mLRS/modules/stm32ll-lib/src/stdstm32.c:338:7:utoBCD_s	8	static
/home/jake/github_stuff/mLRS/mLRS/modules/stm32ll-lib/src/stdstm32.c:345:7:u8toHEX_s	8	static
/home/jake/github_stuff/mLRS/mLRS/modules/stm32ll-lib/src/stdstm32.c:352:7:u16toHEX_s	8	static
/home/jake/github_stuff/mLRS/mLRS/modules/stm32ll-lib/src/stdstm32.c:359:7:u32toHEX_s	8	static
/home/jake/github_stuff/mLRS/mLRS/modules/stm32ll-lib/src/stdstm32.c:366:7:u64toHEX_s	8	static
