/home/jake/github_stuff/mLRS/mLRS/modules/stm32-dronecan-lib/libcanard/canard.c:1281:22:pushTxQueue	24	static
/home/jake/github_stuff/mLRS/mLRS/modules/stm32-dronecan-lib/libcanard/canard.c:1653:6:copyBitArray	32	static
/home/jake/github_stuff/mLRS/mLRS/modules/stm32-dronecan-lib/libcanard/canard.c:1845:26:crcAddByte	0	static
/home/jake/github_stuff/mLRS/mLRS/modules/stm32-dronecan-lib/libcanard/canard.c:1871:26:crcAdd	16	static
/home/jake/github_stuff/mLRS/mLRS/modules/stm32-dronecan-lib/libcanard/canard.c:1907:23:allocateBlock	0	static
/home/jake/github_stuff/mLRS/mLRS/modules/stm32-dronecan-lib/libcanard/canard.c:1505:32:createRxState	48	static
/home/jake/github_stuff/mLRS/mLRS/modules/stm32-dronecan-lib/libcanard/canard.c:1110:26:dlcToDataLength	0	static
/home/jake/github_stuff/mLRS/mLRS/modules/stm32-dronecan-lib/libcanard/canard.c:1133:26:dataLengthToDlc	0	static
/home/jake/github_stuff/mLRS/mLRS/modules/stm32-dronecan-lib/libcanard/canard.c:288:26:calculateCRC	32	static
/home/jake/github_stuff/mLRS/mLRS/modules/stm32-dronecan-lib/libcanard/canard.c:1523:26:releaseStatePayload.isra	8	static
/home/jake/github_stuff/mLRS/mLRS/modules/stm32-dronecan-lib/libcanard/canard.c:1543:25:bufferBlockPushBytes	40	static
/home/jake/github_stuff/mLRS/mLRS/modules/stm32-dronecan-lib/libcanard/canard.c:1152:25:enqueueTxFrames	56	static
/home/jake/github_stuff/mLRS/mLRS/modules/stm32-dronecan-lib/libcanard/canard.c:67:6:canardInit	24	static
/home/jake/github_stuff/mLRS/mLRS/modules/stm32-dronecan-lib/libcanard/canard.c:104:7:canardGetUserReference	0	static
/home/jake/github_stuff/mLRS/mLRS/modules/stm32-dronecan-lib/libcanard/canard.c:110:6:canardSetLocalNodeID	0	static
/home/jake/github_stuff/mLRS/mLRS/modules/stm32-dronecan-lib/libcanard/canard.c:126:9:canardGetLocalNodeID	0	static
/home/jake/github_stuff/mLRS/mLRS/modules/stm32-dronecan-lib/libcanard/canard.c:131:6:canardForgetLocalNodeID	0	static
/home/jake/github_stuff/mLRS/mLRS/modules/stm32-dronecan-lib/libcanard/canard.c:135:6:canardInitTxTransfer	0	static
/home/jake/github_stuff/mLRS/mLRS/modules/stm32-dronecan-lib/libcanard/canard.c:182:9:canardBroadcastObj	24	static
/home/jake/github_stuff/mLRS/mLRS/modules/stm32-dronecan-lib/libcanard/canard.c:142:9:canardBroadcast	56	static
/home/jake/github_stuff/mLRS/mLRS/modules/stm32-dronecan-lib/libcanard/canard.c:355:9:canardRequestOrRespondObj	24	static
/home/jake/github_stuff/mLRS/mLRS/modules/stm32-dronecan-lib/libcanard/canard.c:314:9:canardRequestOrRespond	56	static
/home/jake/github_stuff/mLRS/mLRS/modules/stm32-dronecan-lib/libcanard/canard.c:387:17:canardPeekTxQueue	0	static
/home/jake/github_stuff/mLRS/mLRS/modules/stm32-dronecan-lib/libcanard/canard.c:396:6:canardPopTxQueue	0	static
/home/jake/github_stuff/mLRS/mLRS/modules/stm32-dronecan-lib/libcanard/canard.c:663:6:canardCleanupStaleTransfers	24	static
/home/jake/github_stuff/mLRS/mLRS/modules/stm32-dronecan-lib/libcanard/canard.c:730:9:canardDecodeScalar	80	static
/home/jake/github_stuff/mLRS/mLRS/modules/stm32-dronecan-lib/libcanard/canard.c:905:6:canardEncodeScalar	32	static
/home/jake/github_stuff/mLRS/mLRS/modules/stm32-dronecan-lib/libcanard/canard.c:997:6:canardReleaseRxTransferPayload	8	static
/home/jake/github_stuff/mLRS/mLRS/modules/stm32-dronecan-lib/libcanard/canard.c:1012:31:canardGetPoolAllocatorStatistics	0	static
/home/jake/github_stuff/mLRS/mLRS/modules/stm32-dronecan-lib/libcanard/canard.c:1017:10:canardConvertNativeFloatToFloat16	8	static
/home/jake/github_stuff/mLRS/mLRS/modules/stm32-dronecan-lib/libcanard/canard.c:1061:7:canardConvertFloat16ToNativeFloat	0	static
/home/jake/github_stuff/mLRS/mLRS/modules/stm32-dronecan-lib/libcanard/canard.c:1418:20:extractTransferType	0	static
/home/jake/github_stuff/mLRS/mLRS/modules/stm32-dronecan-lib/libcanard/canard.c:1398:10:extractDataType	8	static
/home/jake/github_stuff/mLRS/mLRS/modules/stm32-dronecan-lib/libcanard/canard.c:403:9:canardHandleRxFrame	112	static
